\BOOKMARK [1][-]{section.1}{\376\377\000M\000a\000t\000h\000e\000m\000a\000t\000i\000c\000a\000l\000\040\000M\000o\000d\000e\000l\000\040\000o\000f\000\040\000P\000M\000S\000M\000s}{}% 1
\BOOKMARK [2][-]{subsection.1.1}{\376\377\000a\000b\000c\000\040\000F\000r\000a\000m\000e}{section.1}% 2
\BOOKMARK [3][-]{subsubsection.1.1.1}{\376\377\000E\000q\000u\000i\000v\000a\000l\000e\000n\000t\000\040\000C\000i\000r\000c\000u\000i\000t\000\040\000M\000o\000d\000e\000l}{subsection.1.1}% 3
\BOOKMARK [3][-]{subsubsection.1.1.2}{\376\377\000F\000l\000u\000x\000\040\000L\000i\000n\000k\000a\000g\000e\000s}{subsection.1.1}% 4
\BOOKMARK [4][-]{paragraph*.3}{\376\377\000W\000i\000n\000d\000i\000n\000g\000\040\000I\000n\000d\000u\000c\000t\000a\000n\000c\000e\000s}{subsubsection.1.1.2}% 5
\BOOKMARK [4][-]{paragraph*.4}{\376\377\000P\000e\000r\000m\000a\000n\000e\000n\000t\000\040\000M\000a\000g\000n\000e\000t\000\040\000F\000l\000u\000x\000\040\000L\000i\000n\000k\000a\000g\000e}{subsubsection.1.1.2}% 6
\BOOKMARK [4][-]{paragraph*.5}{\376\377\000S\000u\000m\000m\000a\000r\000y}{subsubsection.1.1.2}% 7
\BOOKMARK [3][-]{subsubsection.1.1.3}{\376\377\000B\000a\000c\000k\000-\000E\000M\000F}{subsection.1.1}% 8
\BOOKMARK [3][-]{subsubsection.1.1.4}{\376\377\000P\000M\000S\000M\000\040\000E\000q\000u\000a\000t\000i\000o\000n\000s\000\040\000i\000n\000\040\000a\000b\000c\000\040\000F\000r\000a\000m\000e}{subsection.1.1}% 9
\BOOKMARK [4][-]{paragraph*.6}{\376\377\000S\000u\000m\000m\000a\000r\000y}{subsubsection.1.1.4}% 10
\BOOKMARK [2][-]{subsection.1.2}{\376\377\000A\000l\000p\000h\000a\000-\000B\000e\000t\000a\000\040\000F\000r\000a\000m\000e}{section.1}% 11
\BOOKMARK [3][-]{subsubsection.1.2.1}{\376\377\000C\000l\000a\000r\000k\000e\000\040\000T\000r\000a\000n\000s\000f\000o\000r\000m\000a\000t\000i\000o\000n}{subsection.1.2}% 12
\BOOKMARK [4][-]{paragraph*.11}{\376\377\000C\000o\000n\000s\000t\000r\000u\000c\000t\000i\000o\000n\000\040\000o\000f\000\040\000t\000h\000e\000\040\000A\000l\000p\000h\000a\000-\000A\000x\000i\000s}{subsubsection.1.2.1}% 13
\BOOKMARK [4][-]{paragraph*.13}{\376\377\000C\000o\000n\000s\000t\000r\000u\000c\000t\000i\000o\000n\000\040\000o\000f\000\040\000t\000h\000e\000\040\000B\000e\000t\000a\000-\000A\000x\000i\000s}{subsubsection.1.2.1}% 14
\BOOKMARK [4][-]{paragraph*.15}{\376\377\000P\000o\000w\000e\000r\000-\000I\000n\000v\000a\000r\000i\000a\000n\000t\000\040\000C\000l\000a\000r\000k\000e\000\040\000T\000r\000a\000n\000s\000f\000o\000r\000m\000a\000t\000i\000o\000n}{subsubsection.1.2.1}% 15
\BOOKMARK [4][-]{paragraph*.16}{\376\377\000A\000m\000p\000l\000i\000t\000u\000d\000e\000-\000I\000n\000v\000a\000r\000i\000a\000n\000t\000\040\000C\000l\000a\000r\000k\000e\000\040\000T\000r\000a\000n\000s\000f\000o\000r\000m\000a\000t\000i\000o\000n}{subsubsection.1.2.1}% 16
\BOOKMARK [4][-]{paragraph*.17}{\376\377\000G\000e\000o\000m\000e\000t\000r\000i\000c\000\040\000I\000n\000t\000e\000r\000p\000r\000e\000t\000a\000t\000i\000o\000n}{subsubsection.1.2.1}% 17
\BOOKMARK [3][-]{subsubsection.1.2.2}{\376\377\000P\000M\000S\000M\000\040\000E\000q\000u\000a\000t\000i\000o\000n\000s\000\040\000i\000n\000\040\000A\000l\000p\000h\000a\000-\000B\000e\000t\000a\000\040\000F\000r\000a\000m\000e}{subsection.1.2}% 18
\BOOKMARK [4][-]{paragraph*.19}{\376\377\000S\000u\000m\000m\000a\000r\000y}{subsubsection.1.2.2}% 19
\BOOKMARK [2][-]{subsection.1.3}{\376\377\000d\000q\000\040\000F\000r\000a\000m\000e}{section.1}% 20
\BOOKMARK [3][-]{subsubsection.1.3.1}{\376\377\000P\000a\000r\000k\000\040\000T\000r\000a\000n\000s\000f\000o\000r\000m\000a\000t\000i\000o\000n}{subsection.1.3}% 21
\BOOKMARK [3][-]{subsubsection.1.3.2}{\376\377\000T\000r\000a\000n\000s\000f\000o\000r\000m\000a\000t\000i\000o\000n\000\040\000o\000f\000\040\000t\000h\000e\000\040\000P\000M\000S\000M\000\040\000M\000o\000d\000e\000l}{subsection.1.3}% 22
\BOOKMARK [4][-]{paragraph*.21}{\376\377\000V\000o\000l\000t\000a\000g\000e\000\040\000E\000q\000u\000a\000t\000i\000o\000n\000s\000\040\000i\000n\000\040\000d\000q\000\040\000F\000r\000a\000m\000e}{subsubsection.1.3.2}% 23
\BOOKMARK [4][-]{paragraph*.22}{\376\377\000F\000l\000u\000x\000\040\000L\000i\000n\000k\000a\000g\000e\000s\000\040\000i\000n\000\040\000t\000h\000e\000\040\000d\000q\000\040\000F\000r\000a\000m\000e}{subsubsection.1.3.2}% 24
\BOOKMARK [3][-]{subsubsection.1.3.3}{\376\377\000P\000M\000S\000M\000\040\000E\000q\000u\000a\000t\000i\000o\000n\000s\000\040\000i\000n\000\040\000d\000q\000\040\000F\000r\000a\000m\000e}{subsection.1.3}% 25
\BOOKMARK [4][-]{paragraph*.23}{\376\377\000S\000u\000m\000m\000a\000r\000y}{subsubsection.1.3.3}% 26
\BOOKMARK [2][-]{subsection.1.4}{\376\377\000E\000l\000e\000c\000t\000r\000o\000m\000e\000c\000h\000a\000n\000i\000c\000a\000l\000\040\000M\000o\000d\000e\000l}{section.1}% 27
\BOOKMARK [3][-]{subsubsection.1.4.1}{\376\377\000E\000l\000e\000c\000t\000r\000o\000m\000e\000c\000h\000a\000n\000i\000c\000a\000l\000\040\000P\000o\000w\000e\000r}{subsection.1.4}% 28
\BOOKMARK [4][-]{paragraph*.24}{\376\377\000R\000e\000s\000i\000s\000t\000i\000v\000e\000\040\000L\000o\000s\000s}{subsubsection.1.4.1}% 29
\BOOKMARK [4][-]{paragraph*.25}{\376\377\000M\000a\000g\000n\000e\000t\000i\000c\000\040\000E\000n\000e\000r\000g\000y}{subsubsection.1.4.1}% 30
\BOOKMARK [4][-]{paragraph*.26}{\376\377\000E\000l\000e\000c\000t\000r\000o\000m\000a\000g\000n\000e\000t\000i\000c\000\040\000T\000o\000r\000q\000u\000e}{subsubsection.1.4.1}% 31
\BOOKMARK [3][-]{subsubsection.1.4.2}{\376\377\000M\000e\000c\000h\000a\000n\000i\000c\000a\000l\000\040\000M\000o\000d\000e\000l}{subsection.1.4}% 32
\BOOKMARK [2][-]{subsection.1.5}{\376\377\000C\000o\000m\000p\000l\000e\000t\000e\000\040\000P\000M\000S\000M\000\040\000M\000o\000d\000e\000l}{section.1}% 33
\BOOKMARK [3][-]{subsubsection.1.5.1}{\376\377\000M\000o\000d\000e\000l\000\040\000A\000s\000s\000u\000m\000p\000t\000i\000o\000n\000s}{subsection.1.5}% 34
\BOOKMARK [3][-]{subsubsection.1.5.2}{\376\377\000R\000e\000f\000e\000r\000e\000n\000c\000e\000-\000F\000r\000a\000m\000e\000\040\000R\000e\000l\000a\000t\000i\000o\000n\000s\000h\000i\000p\000s}{subsection.1.5}% 35
\BOOKMARK [4][-]{paragraph*.27}{\376\377\000C\000l\000a\000r\000k\000e\000\040\000T\000r\000a\000n\000s\000f\000o\000r\000m\000a\000t\000i\000o\000n}{subsubsection.1.5.2}% 36
\BOOKMARK [4][-]{paragraph*.28}{\376\377\000P\000a\000r\000k\000\040\000T\000r\000a\000n\000s\000f\000o\000r\000m\000a\000t\000i\000o\000n}{subsubsection.1.5.2}% 37
\BOOKMARK [4][-]{paragraph*.29}{\376\377\000A\000n\000g\000l\000e\000\040\000\046\000\040\000S\000p\000e\000e\000d\000\040\000R\000e\000l\000a\000t\000i\000o\000n\000s\000h\000i\000p\000s}{subsubsection.1.5.2}% 38
\BOOKMARK [3][-]{subsubsection.1.5.3}{\376\377\000E\000l\000e\000c\000t\000r\000i\000c\000a\000l\000\040\000M\000o\000d\000e\000l}{subsection.1.5}% 39
\BOOKMARK [3][-]{subsubsection.1.5.4}{\376\377\000E\000l\000e\000c\000t\000r\000o\000m\000a\000g\000n\000e\000t\000i\000c\000\040\000T\000o\000r\000q\000u\000e\000\040\000\046\000\040\000M\000e\000c\000h\000a\000n\000i\000c\000a\000l\000\040\000M\000o\000d\000e\000l}{subsection.1.5}% 40
\BOOKMARK [3][-]{subsubsection.1.5.5}{\376\377\000S\000t\000a\000t\000e\000-\000S\000p\000a\000c\000e\000\040\000M\000o\000d\000e\000l}{subsection.1.5}% 41
\BOOKMARK [1][-]{section.2}{\376\377\000T\000h\000r\000e\000e\000-\000P\000h\000a\000s\000e\000\040\000I\000n\000v\000e\000r\000t\000e\000r\000s\000\040\000\046\000\040\000M\000o\000d\000u\000l\000a\000t\000i\000o\000n\000\040\000T\000e\000c\000h\000n\000i\000q\000u\000e\000s}{}% 42
\BOOKMARK [2][-]{subsection.2.1}{\376\377\000T\000h\000r\000e\000e\000-\000P\000h\000a\000s\000e\000\040\000V\000o\000l\000t\000a\000g\000e\000\040\000S\000o\000u\000r\000c\000e\000\040\000I\000n\000v\000e\000r\000t\000e\000r}{section.2}% 43
\BOOKMARK [3][-]{subsubsection.2.1.1}{\376\377\000I\000n\000v\000e\000r\000t\000e\000r\000\040\000S\000w\000i\000t\000c\000h\000i\000n\000g\000\040\000F\000u\000n\000c\000t\000i\000o\000n\000s}{subsection.2.1}% 44
\BOOKMARK [2][-]{subsection.2.2}{\376\377\000I\000n\000v\000e\000r\000t\000e\000r\000\040\000O\000u\000t\000p\000u\000t\000\040\000V\000o\000l\000t\000a\000g\000e\000s}{section.2}% 45
\BOOKMARK [3][-]{subsubsection.2.2.1}{\376\377\000I\000n\000v\000e\000r\000t\000e\000r\000\040\000P\000o\000l\000e\000\040\000V\000o\000l\000t\000a\000g\000e\000s}{subsection.2.2}% 46
\BOOKMARK [3][-]{subsubsection.2.2.2}{\376\377\000P\000h\000a\000s\000e\000\040\000V\000o\000l\000t\000a\000g\000e\000s}{subsection.2.2}% 47
\BOOKMARK [3][-]{subsubsection.2.2.3}{\376\377\000L\000i\000n\000e\000\040\000V\000o\000l\000t\000a\000g\000e\000s}{subsection.2.2}% 48
\BOOKMARK [2][-]{subsection.2.3}{\376\377\000I\000n\000v\000e\000r\000t\000e\000r\000\040\000S\000w\000i\000t\000c\000h\000i\000n\000g\000\040\000S\000t\000a\000t\000e\000s\000\040\000\046\000\040\000S\000p\000a\000c\000e\000\040\000V\000e\000c\000t\000o\000r\000s}{section.2}% 49
\BOOKMARK [2][-]{subsection.2.4}{\376\377\000P\000u\000l\000s\000e\000-\000W\000i\000d\000t\000h\000\040\000M\000o\000d\000u\000l\000a\000t\000i\000o\000n}{section.2}% 50
\BOOKMARK [3][-]{subsubsection.2.4.1}{\376\377\000F\000a\000s\000t\000\040\000A\000v\000e\000r\000a\000g\000e\000d\000\040\000S\000i\000g\000n\000a\000l\000s}{subsection.2.4}% 51
\BOOKMARK [3][-]{subsubsection.2.4.2}{\376\377\000P\000W\000M\000\040\000S\000i\000g\000n\000a\000l\000\040\000G\000e\000n\000e\000r\000a\000t\000i\000o\000n}{subsection.2.4}% 52
\BOOKMARK [3][-]{subsubsection.2.4.3}{\376\377\000F\000a\000s\000t\000\040\000S\000w\000i\000t\000c\000h\000i\000n\000g\000\040\000A\000p\000p\000o\000x\000i\000m\000a\000t\000i\000o\000n}{subsection.2.4}% 53
\BOOKMARK [2][-]{subsection.2.5}{\376\377\000S\000w\000i\000t\000c\000h\000i\000n\000g\000\040\000V\000e\000c\000t\000o\000r\000s\000\040\000\046\000\040\000T\000i\000m\000e\000\040\000A\000v\000e\000r\000a\000g\000i\000n\000g}{section.2}% 54
\BOOKMARK [3][-]{subsubsection.2.5.1}{\376\377\000A\000v\000e\000r\000a\000g\000e\000\040\000V\000e\000c\000t\000o\000r\000s\000\040\000B\000e\000t\000w\000e\000e\000n\000\040\000S\000w\000i\000t\000c\000h\000i\000n\000g\000\040\000S\000t\000a\000t\000e\000s}{subsection.2.5}% 55
\BOOKMARK [3][-]{subsubsection.2.5.2}{\376\377\000A\000c\000h\000e\000i\000v\000a\000b\000l\000e\000\040\000V\000o\000l\000t\000a\000g\000e\000\040\000V\000e\000c\000t\000o\000r\000s}{subsection.2.5}% 56
\BOOKMARK [2][-]{subsection.2.6}{\376\377\000S\000i\000n\000u\000s\000o\000i\000d\000a\000l\000\040\000P\000u\000l\000s\000e\000\040\000W\000i\000d\000t\000h\000\040\000M\000o\000d\000u\000l\000a\000t\000i\000o\000n\000\040\000\050\000S\000P\000W\000M\000\051}{section.2}% 57
\BOOKMARK [3][-]{subsubsection.2.6.1}{\376\377\000S\000P\000W\000M\000\040\000L\000i\000m\000i\000t\000a\000t\000i\000o\000n\000s}{subsection.2.6}% 58
\BOOKMARK [3][-]{subsubsection.2.6.2}{\376\377\000P\000r\000a\000c\000t\000i\000c\000a\000l\000\040\000I\000m\000p\000l\000e\000m\000e\000n\000t\000i\000o\000n\000\040\000o\000f\000\040\000S\000P\000W\000M}{subsection.2.6}% 59
\BOOKMARK [2][-]{subsection.2.7}{\376\377\000T\000h\000i\000r\000d\000\040\000H\000a\000r\000m\000o\000n\000i\000c\000\040\000I\000n\000j\000e\000c\000t\000i\000o\000n}{section.2}% 60
\BOOKMARK [3][-]{subsubsection.2.7.1}{\376\377\000C\000o\000m\000m\000o\000n\000-\000M\000o\000d\000e\000\040\000V\000o\000l\000t\000a\000g\000e\000\040\000I\000n\000j\000e\000c\000t\000i\000o\000n}{subsection.2.7}% 61
\BOOKMARK [3][-]{subsubsection.2.7.2}{\376\377\000T\000h\000i\000r\000d\000\040\000H\000a\000r\000m\000o\000n\000i\000c\000\040\000V\000o\000l\000t\000a\000g\000e\000\040\000I\000n\000j\000e\000c\000t\000i\000o\000n}{subsection.2.7}% 62
\BOOKMARK [3][-]{subsubsection.2.7.3}{\376\377\000P\000r\000a\000c\000t\000i\000c\000a\000l\000\040\000I\000m\000p\000l\000e\000m\000e\000n\000t\000i\000o\000n\000\040\000o\000f\000\040\000T\000h\000i\000r\000d\000\040\000H\000a\000r\000m\000o\000n\000i\000c\000\040\000I\000n\000j\000e\000c\000t\000i\000o\000n}{subsection.2.7}% 63
\BOOKMARK [2][-]{subsection.2.8}{\376\377\000S\000p\000a\000c\000e\000\040\000V\000e\000c\000t\000o\000r\000\040\000P\000u\000l\000s\000e\000-\000W\000i\000d\000t\000h\000\040\000M\000o\000d\000u\000l\000a\000t\000i\000o\000n\000\040\000\050\000S\000V\000P\000W\000M\000\051}{section.2}% 64
\BOOKMARK [3][-]{subsubsection.2.8.1}{\376\377\000S\000e\000c\000t\000o\000r\000-\000B\000a\000s\000e\000d\000\040\000S\000V\000P\000W\000M}{subsection.2.8}% 65
\BOOKMARK [3][-]{subsubsection.2.8.2}{\376\377\000Z\000e\000r\000o\000-\000V\000e\000c\000t\000o\000r\000\040\000D\000i\000s\000t\000r\000i\000b\000u\000t\000i\000o\000n}{subsection.2.8}% 66
\BOOKMARK [3][-]{subsubsection.2.8.3}{\376\377\000S\000p\000a\000c\000e\000\040\000V\000e\000c\000t\000o\000r\000\040\000M\000o\000d\000u\000l\000a\000t\000i\000o\000n}{subsection.2.8}% 67
\BOOKMARK [3][-]{subsubsection.2.8.4}{\376\377\000C\000o\000m\000m\000o\000n\000-\000M\000o\000d\000e\000\040\000I\000n\000j\000e\000c\000t\000i\000o\000n\000\040\000S\000V\000P\000W\000M}{subsection.2.8}% 68
\BOOKMARK [3][-]{subsubsection.2.8.5}{\376\377\000P\000r\000a\000c\000t\000i\000c\000a\000l\000\040\000I\000m\000p\000l\000e\000m\000e\000n\000t\000a\000t\000i\000o\000n\000\040\000o\000f\000\040\000S\000V\000P\000W\000M}{subsection.2.8}% 69
\BOOKMARK [1][-]{appendix.A}{\376\377\000O\000p\000t\000i\000m\000i\000z\000a\000t\000i\000o\000n\000\040\000o\000f\000\040\000T\000h\000i\000r\000d\000\040\000H\000a\000r\000m\000o\000n\000i\000c\000\040\000I\000n\000j\000e\000c\000t\000i\000o\000n}{}% 70
